{
    "hash": "c5c5a168a24fad0d0f39be899e9957f0ecf872a2860be16fd51001b2f3d68715"
}